<testsuites name="jest tests" tests="4" failures="0" time="5.538">
  <testsuite name="undefined" errors="0" failures="0" skipped="0" timestamp="2021-03-13T12:43:51" time="5.538" tests="4">
    <testcase classname=" Initial articles render correctly" name=" Initial articles render correctly" time="0.065">
    </testcase>
    <testcase classname=" Clicking on top renders expected articles" name=" Clicking on top renders expected articles" time="0.032">
    </testcase>
    <testcase classname=" Clicking on newest renders expected articles" name=" Clicking on newest renders expected articles" time="0.035">
    </testcase>
    <testcase classname=" Sequence of navigation clicks renders expected artices" name=" Sequence of navigation clicks renders expected artices" time="0.063">
    </testcase>
  </testsuite>
</testsuites>